/Users/pradeepsomasundaram/Documents/hera_pdm/src/fleet_scania.py:50: PerformanceWarning: DataFrame is highly fragmented.  This is usually the result of calling `frame.insert` many times, which has poor performance.  Consider joining all columns at once using pd.concat(axis=1) instead. To get a de-fragmented frame, use `newframe = frame.copy()`
  d["remain"] = d.length_of_study_time_step - d.time_step
/Users/pradeepsomasundaram/Documents/hera_pdm/src/fleet_scania.py:52: PerformanceWarning: DataFrame is highly fragmented.  This is usually the result of calling `frame.insert` many times, which has poor performance.  Consider joining all columns at once using pd.concat(axis=1) instead. To get a de-fragmented frame, use `newframe = frame.copy()`
  d["y"] = np.where(fail, (d.remain <= H_P).astype(float), np.where(d.remain > H_P, 0.0, np.nan))
loaded (1122452, 224) 17s
/Users/pradeepsomasundaram/Documents/hera_pdm/.venv.nosync/lib/python3.13/site-packages/sklearn/linear_model/_logistic.py:599: ConvergenceWarning: lbfgs failed to converge after 300 iteration(s) (status=1):
STOP: TOTAL NO. OF ITERATIONS REACHED LIMIT

Increase the number of iterations to improve the convergence (max_iter=300).
You might also want to scale the data as shown in:
    https://scikit-learn.org/stable/modules/preprocessing.html
Please also refer to the documentation for alternative solver options:
    https://scikit-learn.org/stable/modules/linear_model.html#logistic-regression
  n_iter_i = _check_optimize_result(
fold 0: 182s
fold 1: 202s
fold 2: 207s
fold 3: 197s
fold 4: 153s
/Users/pradeepsomasundaram/Documents/hera_pdm/src/fleet_scania.py:92: PerformanceWarning: DataFrame is highly fragmented.  This is usually the result of calling `frame.insert` many times, which has poor performance.  Consider joining all columns at once using pd.concat(axis=1) instead. To get a de-fragmented frame, use `newframe = frame.copy()`
  for vid, g in d.assign(pe=pe, pc=pc).groupby("vehicle_id", sort=False):
vehicles 23550 failing 2272 AUROC {'edge': 0.8278344365100934, 'cloud': 0.8259385600053702}
table edge: 1s
table cloud: 1s
table hera: 2s
        policy  eps  n_cal  late  late_q95  premature  timely  false_alarm    lead   esc  theta
         cloud 0.05     12 0.005     0.007      0.793   0.202        0.962 161.552 1.000  0.010
         cloud 0.05     25 0.047     0.153      0.676   0.277        0.812 139.034 1.000  0.072
         cloud 0.05     50 0.040     0.096      0.681   0.279        0.817 139.280 1.000  0.063
         cloud 0.05    100 0.050     0.102      0.652   0.298        0.779 133.634 1.000  0.078
         cloud 0.05    200 0.050     0.082      0.650   0.300        0.775 133.324 1.000  0.077
         cloud 0.05    500 0.047     0.069      0.654   0.299        0.778 133.648 1.000  0.074
         cloud 0.05   1000 0.049     0.067      0.647   0.304        0.771 132.838 1.000  0.077
         cloud 0.10     12 0.077     0.198      0.618   0.306        0.739 129.298 1.000  0.114
         cloud 0.10     25 0.087     0.212      0.592   0.321        0.708 124.888 1.000  0.128
         cloud 0.10     50 0.101     0.168      0.558   0.342        0.662 118.602 1.000  0.149
         cloud 0.10    100 0.098     0.157      0.559   0.343        0.664 118.766 1.000  0.146
         cloud 0.10    200 0.104     0.146      0.550   0.347        0.651 117.010 1.000  0.154
         cloud 0.10    500 0.097     0.127      0.558   0.345        0.664 118.558 1.000  0.143
         cloud 0.10   1000 0.098     0.122      0.556   0.345        0.662 118.228 1.000  0.144
         cloud 0.20     12 0.160     0.344      0.483   0.357        0.579 108.942 1.000  0.223
         cloud 0.20     25 0.188     0.344      0.439   0.373        0.526 102.060 1.000  0.261
         cloud 0.20     50 0.202     0.309      0.417   0.381        0.502  98.968 1.000  0.280
         cloud 0.20    100 0.204     0.278      0.412   0.384        0.497  98.190 1.000  0.284
         cloud 0.20    200 0.206     0.258      0.408   0.385        0.493  97.858 1.000  0.287
         cloud 0.20    500 0.197     0.233      0.417   0.387        0.503  98.706 1.000  0.277
         cloud 0.20   1000 0.198     0.233      0.415   0.387        0.501  98.614 1.000  0.278
cloud_fixed0.5  NaN      0 0.405     0.422      0.223   0.372        0.286  75.996 1.000  0.500
          edge 0.05     12 0.002     0.004      0.872   0.126        0.978 181.250 0.000  0.010
          edge 0.05     25 0.042     0.107      0.702   0.257        0.830 143.070 0.000  0.172
          edge 0.05     50 0.039     0.084      0.698   0.263        0.828 140.948 0.000  0.174
          edge 0.05    100 0.050     0.094      0.660   0.290        0.794 133.678 0.000  0.212
          edge 0.05    200 0.051     0.077      0.651   0.298        0.785 131.752 0.000  0.221
          edge 0.05    500 0.051     0.071      0.649   0.300        0.784 131.280 0.000  0.222
          edge 0.05   1000 0.051     0.068      0.647   0.302        0.782 130.766 0.000  0.225
          edge 0.10     12 0.088     0.224      0.612   0.300        0.743 128.614 0.000  0.265
          edge 0.10     25 0.087     0.175      0.591   0.322        0.725 123.248 0.000  0.286
          edge 0.10     50 0.097     0.162      0.560   0.343        0.696 117.976 0.000  0.318
          edge 0.10    100 0.098     0.149      0.550   0.352        0.687 116.064 0.000  0.328
          edge 0.10    200 0.101     0.136      0.541   0.358        0.679 114.730 0.000  0.338
          edge 0.10    500 0.099     0.123      0.542   0.359        0.682 114.904 0.000  0.335
          edge 0.10   1000 0.099     0.118      0.541   0.360        0.681 114.744 0.000  0.336
          edge 0.20     12 0.166     0.335      0.481   0.354        0.614 108.540 0.000  0.399
          edge 0.20     25 0.205     0.327      0.415   0.380        0.551  99.504 0.000  0.467
          edge 0.20     50 0.201     0.306      0.416   0.383        0.553  99.390 0.000  0.467
          edge 0.20    100 0.203     0.265      0.413   0.384        0.547  98.784 0.000  0.474
          edge 0.20    200 0.207     0.250      0.408   0.385        0.543  98.260 0.000  0.478
          edge 0.20    500 0.201     0.235      0.415   0.384        0.552  99.148 0.000  0.470
          edge 0.20   1000 0.202     0.229      0.413   0.385        0.551  98.904 0.000  0.471
 edge_fixed0.5  NaN      0 0.225     0.239      0.389   0.386        0.521  96.228 0.000  0.500
          hera 0.05     12 0.005     0.008      0.793   0.202        0.956 161.266 0.894  0.010
          hera 0.05     25 0.045     0.147      0.682   0.273        0.817 140.072 0.814  0.068
          hera 0.05     50 0.038     0.096      0.688   0.274        0.823 140.520 0.817  0.060
          hera 0.05    100 0.049     0.102      0.655   0.296        0.781 134.176 0.794  0.076
          hera 0.05    200 0.050     0.082      0.651   0.299        0.775 133.478 0.791  0.076
          hera 0.05    500 0.047     0.068      0.655   0.298        0.778 133.886 0.793  0.073
          hera 0.05   1000 0.049     0.067      0.649   0.302        0.771 133.128 0.790  0.076
          hera 0.10     12 0.076     0.199      0.620   0.304        0.740 129.706 0.771  0.112
          hera 0.10     25 0.087     0.210      0.594   0.319        0.709 125.238 0.753  0.126
          hera 0.10     50 0.100     0.168      0.558   0.341        0.661 118.570 0.728  0.149
          hera 0.10    100 0.098     0.157      0.559   0.343        0.662 118.662 0.729  0.146
          hera 0.10    200 0.104     0.146      0.550   0.347        0.649 116.858 0.722  0.153
          hera 0.10    500 0.097     0.127      0.558   0.345        0.663 118.478 0.729  0.143
          hera 0.10   1000 0.099     0.122      0.556   0.345        0.661 118.202 0.728  0.144
          hera 0.20     12 0.160     0.347      0.484   0.356        0.579 108.968 0.681  0.222
          hera 0.20     25 0.188     0.337      0.439   0.373        0.525 102.044 0.651  0.260
          hera 0.20     50 0.201     0.312      0.419   0.380        0.503  99.184 0.638  0.278
          hera 0.20    100 0.205     0.280      0.411   0.384        0.496  98.174 0.634  0.283
          hera 0.20    200 0.207     0.259      0.408   0.385        0.493  97.876 0.632  0.286
          hera 0.20    500 0.197     0.235      0.416   0.387        0.502  98.562 0.637  0.276
          hera 0.20   1000 0.198     0.233      0.414   0.387        0.501  98.440 0.636  0.277
{
 "n_vehicles": 23550,
 "n_failing": 2272,
 "n_readouts": 1122452,
 "auroc": {
  "edge": 0.8278344365100934,
  "cloud": 0.8259385600053702
 },
 "n_edge_features": 105,
 "n_cloud_features": 219,
 "H_C": 12.0,
 "H_P": 48.0,
 "R_MAX": 96.0,
 "K": 2,
 "reps": 50
}
