fold0 seed2 Edge-CNN: 22s
fold0 seed2 Edge-GRU: 3s
fold0 seed2 LSTM+DT: 36s
fold0 seed2 LSTM: 39s
fold0 seed2 LSTM+DT-point: 38s
fold0 seed2 GRU+DT: 29s
fold0 seed2 GRU: 29s
fold0 seed2 GRU+DT-point: 28s
fold0 seed2 TCN: 149s
fold0 seed2 TCN+DT-point: 144s
fold0 seed2 CNN-LSTM+DT: 31s
fold0 seed2 CNN-LSTM: 20s
fold0 seed2 CNN-LSTM+DT-point: 20s
fold0 seed0 Edge-CNN: 23s
fold0 seed0 Edge-GRU: 2s
fold0 seed0 LSTM+DT: 36s
fold0 seed0 LSTM: 39s
fold0 seed0 LSTM+DT-point: 39s
fold0 seed0 GRU+DT: 29s
fold0 seed0 GRU: 29s
fold0 seed0 GRU+DT-point: 29s
fold0 seed0 TCN: 148s
fold0 seed0 TCN+DT-point: 154s
fold0 seed0 CNN-LSTM+DT: 26s
fold0 seed0 CNN-LSTM: 20s
fold0 seed0 CNN-LSTM+DT-point: 20s
fold0 seed1 Edge-CNN: 22s
fold0 seed1 Edge-GRU: 2s
fold0 seed1 LSTM+DT: 35s
fold0 seed1 LSTM: 39s
fold0 seed1 LSTM+DT-point: 39s
fold0 seed1 GRU+DT: 30s
fold0 seed1 GRU: 30s
fold0 seed1 GRU+DT-point: 29s
fold0 seed1 TCN: 149s
fold0 seed1 TCN+DT-point: 154s
fold0 seed1 CNN-LSTM+DT: 26s
fold0 seed1 CNN-LSTM: 20s
fold0 seed1 CNN-LSTM+DT-point: 20s
fold1 seed1 Edge-CNN: 26s
fold1 seed1 Edge-GRU: 3s
fold1 seed1 LSTM+DT: 43s
fold1 seed1 LSTM: 47s
fold1 seed1 LSTM+DT-point: 46s
fold1 seed1 GRU+DT: 36s
fold1 seed1 GRU: 35s
fold1 seed1 TCN+DT: 196s
fold1 seed1 TCN: 164s
fold1 seed1 TCN+DT-point: 115s
fold1 seed1 CNN-LSTM+DT: 24s
fold1 seed1 CNN-LSTM: 24s
fold1 seed1 CNN-LSTM+DT-point: 23s
fold1 seed0 Edge-CNN: 19s
fold1 seed0 Edge-GRU: 2s
fold1 seed0 LSTM+DT: 42s
fold1 seed0 LSTM: 47s
fold1 seed0 LSTM+DT-point: 47s
fold1 seed0 GRU+DT: 36s
fold1 seed0 GRU: 34s
fold1 seed0 GRU+DT-point: 31s
fold1 seed0 TCN+DT: 194s
fold1 seed0 TCN: 157s
fold1 seed0 TCN+DT-point: 115s
fold1 seed0 CNN-LSTM+DT: 24s
fold1 seed0 CNN-LSTM: 24s
fold1 seed0 CNN-LSTM+DT-point: 24s
fold1 seed2 GRU+DT: 19s
fold1 seed2 GRU: 19s
fold1 seed2 GRU+DT-point: 19s
fold1 seed2 TCN+DT: 114s
fold1 seed2 TCN: 112s
fold1 seed2 TCN+DT-point: 109s
fold1 seed2 CNN-LSTM+DT: 24s
fold1 seed2 CNN-LSTM: 24s
fold1 seed2 CNN-LSTM+DT-point: 24s
fold2 seed1 Edge-CNN: 11s
fold2 seed1 Edge-GRU: 2s
fold2 seed1 LSTM+DT: 22s
fold2 seed1 LSTM: 22s
fold2 seed1 LSTM+DT-point: 25s
fold2 seed1 GRU+DT: 18s
fold2 seed1 GRU: 19s
fold2 seed1 GRU+DT-point: 19s
fold2 seed1 TCN+DT: 97s
fold2 seed1 TCN: 100s
fold2 seed1 TCN+DT-point: 94s
fold2 seed1 CNN-LSTM+DT: 22s
fold2 seed1 CNN-LSTM: 21s
fold2 seed1 CNN-LSTM+DT-point: 22s
fold2 seed0 Edge-CNN: 12s
fold2 seed0 Edge-GRU: 2s
fold2 seed0 LSTM+DT: 22s
fold2 seed0 LSTM: 25s
fold2 seed0 LSTM+DT-point: 25s
fold2 seed0 GRU+DT: 18s
fold2 seed0 GRU: 19s
fold2 seed0 GRU+DT-point: 19s
fold2 seed0 TCN+DT: 102s
fold2 seed0 TCN: 97s
fold2 seed0 TCN+DT-point: 96s
fold2 seed0 CNN-LSTM+DT: 23s
fold2 seed0 CNN-LSTM: 22s
fold2 seed0 CNN-LSTM+DT-point: 21s
fold2 seed2 Edge-CNN: 12s
fold2 seed2 Edge-GRU: 2s
fold2 seed2 LSTM+DT: 23s
fold2 seed2 LSTM: 22s
fold2 seed2 LSTM+DT-point: 22s
fold2 seed2 GRU+DT: 18s
fold2 seed2 GRU: 18s
fold2 seed2 GRU+DT-point: 18s
fold2 seed2 TCN+DT: 94s
fold2 seed2 TCN: 98s
fold2 seed2 TCN+DT-point: 84s
fold2 seed2 CNN-LSTM+DT: 20s
fold2 seed2 CNN-LSTM: 20s
fold2 seed2 CNN-LSTM+DT-point: 20s
fold3 seed0 Edge-CNN: 13s
fold3 seed0 Edge-GRU: 2s
fold3 seed0 LSTM+DT: 29s
fold3 seed0 LSTM: 29s
fold3 seed0 LSTM+DT-point: 29s
fold3 seed0 GRU+DT: 21s
fold3 seed0 GRU: 21s
fold3 seed0 GRU+DT-point: 21s
fold3 seed0 TCN+DT: 116s
fold3 seed0 TCN: 98s
fold3 seed0 TCN+DT-point: 94s
fold3 seed0 CNN-LSTM+DT: 21s
fold3 seed0 CNN-LSTM: 21s
fold3 seed0 CNN-LSTM+DT-point: 21s
fold3 seed1 Edge-CNN: 14s
fold3 seed1 Edge-GRU: 2s
fold3 seed1 LSTM+DT: 26s
fold3 seed1 LSTM: 24s
fold3 seed1 LSTM+DT-point: 24s
fold3 seed1 GRU+DT: 19s
fold3 seed1 GRU: 19s
fold3 seed1 GRU+DT-point: 19s
fold3 seed1 TCN+DT: 91s
fold3 seed1 TCN: 81s
fold3 seed1 TCN+DT-point: 83s
fold3 seed1 CNN-LSTM+DT: 20s
fold3 seed1 CNN-LSTM: 19s
fold3 seed1 CNN-LSTM+DT-point: 19s
fold3 seed2 Edge-CNN: 12s
fold3 seed2 Edge-GRU: 2s
fold3 seed2 LSTM+DT: 24s
fold3 seed2 LSTM: 24s
fold3 seed2 LSTM+DT-point: 26s
fold3 seed2 GRU+DT: 19s
fold3 seed2 GRU: 19s
fold3 seed2 GRU+DT-point: 20s
fold3 seed2 TCN+DT: 86s
fold3 seed2 TCN: 78s
fold3 seed2 TCN+DT-point: 76s
fold3 seed2 CNN-LSTM+DT: 18s
fold3 seed2 CNN-LSTM: 18s
fold3 seed2 CNN-LSTM+DT-point: 18s
